// Vitest Snapshot v1, https://vitest.dev/guide/snapshot.html

exports[`bandcamp-scraper > parseTralbumData (combined) > snapshot: full fixture parse output 1`] = `
{
  "albumArtUrl": "https://f4.bcbits.com/img/a1234567890_10.jpg",
  "artId": 1234567890,
  "metadataIncomplete": false,
  "packages": [
    {
      "arts": [
        {
          "imageId": 1110001,
          "url": "https://f4.bcbits.com/img/1110001_10.jpg",
        },
        {
          "imageId": 2220002,
          "url": "https://f4.bcbits.com/img/2220002_10.jpg",
        },
      ],
      "imageId": 9876543210,
      "imageUrl": "https://f4.bcbits.com/img/9876543210_10.jpg",
      "newDate": "01 Mar 2026 00:00:00 GMT",
      "sku": "TA-CD-001",
      "title": "Test Album CD",
      "typeName": "Compact Disc (CD)",
      "url": "https://testartist.bandcamp.com/album/test-album",
    },
    {
      "arts": [
        {
          "imageId": 3330003,
          "url": "https://f4.bcbits.com/img/3330003_10.jpg",
        },
      ],
      "imageId": 9876543211,
      "imageUrl": "https://f4.bcbits.com/img/9876543211_10.jpg",
      "newDate": "15 Mar 2026 00:00:00 GMT",
      "sku": "TA-LP-001",
      "title": "Test Album LP",
      "typeName": "Vinyl Record",
      "url": "https://testartist.bandcamp.com/album/test-album",
    },
    {
      "arts": [],
      "imageId": null,
      "imageUrl": null,
      "newDate": null,
      "sku": "TA-CASS-001",
      "title": "Test Album Cassette",
      "typeName": "Cassette",
      "url": "https://testartist.bandcamp.com/album/test-album",
    },
  ],
  "parserVersion": "v1",
  "raw": {
    "art_id": 1234567890,
    "current": {
      "release_date": "01 Mar 2026 00:00:00 GMT",
      "title": "Test Album",
      "type": "album",
    },
    "item_type": "album",
    "packages": [
      {
        "arts": [
          {
            "height": 700,
            "image_id": 1110001,
            "width": 700,
          },
          {
            "height": 700,
            "image_id": 2220002,
            "width": 700,
          },
        ],
        "image_id": 9876543210,
        "new_date": "01 Mar 2026 00:00:00 GMT",
        "sku": "TA-CD-001",
        "title": "Test Album CD",
        "type_name": "Compact Disc (CD)",
        "url": "https://testartist.bandcamp.com/album/test-album",
      },
      {
        "arts": [
          {
            "height": 700,
            "image_id": 3330003,
            "width": 700,
          },
        ],
        "image_id": 9876543211,
        "new_date": "15 Mar 2026 00:00:00 GMT",
        "sku": "TA-LP-001",
        "title": "Test Album LP",
        "type_name": "Vinyl Record",
        "url": "https://testartist.bandcamp.com/album/test-album",
      },
      {
        "new_date": null,
        "sku": "TA-CASS-001",
        "title": "Test Album Cassette",
        "type_name": "Cassette",
        "url": "https://testartist.bandcamp.com/album/test-album",
      },
    ],
    "release_date": "01 Mar 2026 00:00:00 GMT",
  },
  "releaseDate": "01 Mar 2026 00:00:00 GMT",
  "title": "Test Album",
  "typeName": "album",
}
`;
